[www.miraclesalad.com/webtools/md5.html]
[backblue.gif]
[fade.gif]
[index.html]
[www.miraclesalad.com/bootstrap-3.3.5/css/bootstrap.min.css]
[www.miraclesalad.com/images/groovepaper.png]
[www.miraclesalad.com/images/lettuce_tile_dark.jpg]
[www.miraclesalad.com/webtools/timesheet.html]
[www.miraclesalad.com/webtools/base64.html]
[www.miraclesalad.com/webtools/holidays.html]
[www.miraclesalad.com/webtools/hexadecimal-decimal.html]
[www.miraclesalad.com/webtools/random.html]
[www.miraclesalad.com/webtools/sha1.html]
[www.miraclesalad.com/webtools/sha256.html]
[www.miraclesalad.com/webtools/bit-calculator.html]
[www.miraclesalad.com/webtools/fuzzydate.html]
[www.miraclesalad.com/webtools/ip.html]
[www.miraclesalad.com/webtools/line_processor.html]
[www.miraclesalad.com/webtools/sequencer.html]
[www.miraclesalad.com/apps/phrase-gen/phrase-gen-60@2x.png]
[pagead2.googlesyndication.com/pagead/js/f.txt]
[www.miraclesalad.com/webtools/code_library/index.html]
[ajax.googleapis.com/ajax/libs/jquery/1.11.3/jquery.min.js]
[www.miraclesalad.com/js/jquery.autogrow-textarea.min.js]
[www.miraclesalad.com/webtools/md5.html]
[www.miraclesalad.com/bootstrap-3.3.5/css/bootstrap.min.css]
[www.miraclesalad.com/bootstrap-3.3.5/js/bootstrap.min.js]
[www.miraclesalad.com/js/jquery.jeditable-1.7.0.min.js]
[www.miraclesalad.com/js/jquery.form.js]
[www.miraclesalad.com/webtools/timesheet-bootstrap.js]
[www.miraclesalad.com/webtools/timesheet.html]
[ajax.googleapis.com/ajax/libs/jquery/1.7.2/jquery.min.js]
[www.miraclesalad.com/js/bootstrap.min.js]
[www.miraclesalad.com/webtools/base64.html]
[www.miraclesalad.com/webtools/holidays.html]
[www.miraclesalad.com/webtools/hexadecimal-decimal.html]
[www.miraclesalad.com/webtools/random.html]
[www.miraclesalad.com/webtools/sha1.html]
[www.miraclesalad.com/webtools/sha256.html]
[www.miraclesalad.com/webtools/bit-calculator.html]
[www.miraclesalad.com/webtools/fuzzydate.html]
[www.miraclesalad.com/webtools/ip.html]
[www.miraclesalad.com/webtools/line_processor.js]
[www.miraclesalad.com/webtools/line_processor.html]
[www.miraclesalad.com/images/loader-arrows-16.gif]
[www.miraclesalad.com/js/jquery.textarearesizer.compressed.js]
[www.miraclesalad.com/webtools/sequencer.js]
[www.miraclesalad.com/webtools/sequencer.html]
[www.miraclesalad.com/css/prettify.css]
[www.miraclesalad.com/js/prettify.js]
[www.miraclesalad.com/webtools/code_library/index.html]
[www.miraclesalad.com/css/prettify.css]
